14
1 3 9 10 11 22 66 198 594 1782 5346 16038 16039 32078 96234